# serializer version: 1
# name: test_simple_dsl_to_ir_snapshot
  dict({
    'apis': list([
    ]),
    'archetypes': list([
    ]),
    'assets': list([
    ]),
    'channels': list([
    ]),
    'data_products': None,
    'documents': list([
    ]),
    'domain': dict({
      'entities': list([
        dict({
          'access': None,
          'archetype_kind': None,
          'computed_fields': list([
          ]),
          'constraints': list([
          ]),
          'domain': None,
          'examples': list([
          ]),
          'extends': list([
          ]),
          'fields': list([
            dict({
              'default': None,
              'modifiers': list([
                <FieldModifier.PK: 'pk'>,
              ]),
              'name': 'id',
              'type': dict({
                'currency_code': None,
                'enum_values': None,
                'kind': <FieldTypeKind.UUID: 'uuid'>,
                'max_length': None,
                'precision': None,
                'readonly': False,
                'ref_entity': None,
                'relationship_behavior': None,
                'scale': None,
                'via_entity': None,
              }),
            }),
            dict({
              'default': None,
              'modifiers': list([
                <FieldModifier.REQUIRED: 'required'>,
              ]),
              'name': 'title',
              'type': dict({
                'currency_code': None,
                'enum_values': None,
                'kind': <FieldTypeKind.STR: 'str'>,
                'max_length': 200,
                'precision': None,
                'readonly': False,
                'ref_entity': None,
                'relationship_behavior': None,
                'scale': None,
                'via_entity': None,
              }),
            }),
            dict({
              'default': None,
              'modifiers': list([
              ]),
              'name': 'description',
              'type': dict({
                'currency_code': None,
                'enum_values': None,
                'kind': <FieldTypeKind.TEXT: 'text'>,
                'max_length': None,
                'precision': None,
                'readonly': False,
                'ref_entity': None,
                'relationship_behavior': None,
                'scale': None,
                'via_entity': None,
              }),
            }),
            dict({
              'default': 'todo',
              'modifiers': list([
              ]),
              'name': 'status',
              'type': dict({
                'currency_code': None,
                'enum_values': list([
                  'todo',
                  'in_progress',
                  'done',
                ]),
                'kind': <FieldTypeKind.ENUM: 'enum'>,
                'max_length': None,
                'precision': None,
                'readonly': False,
                'ref_entity': None,
                'relationship_behavior': None,
                'scale': None,
                'via_entity': None,
              }),
            }),
            dict({
              'default': None,
              'modifiers': list([
                <FieldModifier.AUTO_ADD: 'auto_add'>,
              ]),
              'name': 'created_at',
              'type': dict({
                'currency_code': None,
                'enum_values': None,
                'kind': <FieldTypeKind.DATETIME: 'datetime'>,
                'max_length': None,
                'precision': None,
                'readonly': False,
                'ref_entity': None,
                'relationship_behavior': None,
                'scale': None,
                'via_entity': None,
              }),
            }),
          ]),
          'intent': None,
          'invariants': list([
          ]),
          'is_singleton': False,
          'is_tenant_root': False,
          'name': 'Task',
          'patterns': list([
          ]),
          'publishes': list([
          ]),
          'state_machine': None,
          'title': 'Task',
        }),
      ]),
    }),
    'domain_services': list([
    ]),
    'e2e_flows': list([
    ]),
    'event_model': None,
    'experiences': list([
    ]),
    'fixtures': list([
    ]),
    'foreign_models': list([
    ]),
    'hless_mode': <HLESSMode.STRICT: 'strict'>,
    'hless_pragma': None,
    'integrations': list([
    ]),
    'interfaces': None,
    'llm_config': None,
    'llm_intents': list([
    ]),
    'llm_models': list([
    ]),
    'messages': list([
    ]),
    'name': 'simple_test',
    'personas': list([
    ]),
    'policies': None,
    'processes': list([
    ]),
    'projections': list([
    ]),
    'scenarios': list([
    ]),
    'schedules': list([
    ]),
    'security': dict({
      'cors_origins': list([
        '*',
      ]),
      'enable_csp': False,
      'enable_hsts': False,
      'profile': <SecurityProfile.BASIC: 'basic'>,
      'require_auth_by_default': False,
      'tenant_isolation': False,
    }),
    'stories': list([
    ]),
    'streams': list([
    ]),
    'subscriptions': list([
    ]),
    'surfaces': list([
      dict({
        'access': None,
        'actions': list([
        ]),
        'entity_ref': 'Task',
        'mode': <SurfaceMode.LIST: 'list'>,
        'name': 'task_list',
        'sections': list([
          dict({
            'elements': list([
              dict({
                'field_name': 'title',
                'label': 'Title',
                'options': dict({
                }),
              }),
              dict({
                'field_name': 'status',
                'label': 'Status',
                'options': dict({
                }),
              }),
            ]),
            'name': 'main',
            'title': 'Tasks',
          }),
        ]),
        'title': 'Task List',
        'ux': None,
      }),
      dict({
        'access': None,
        'actions': list([
        ]),
        'entity_ref': 'Task',
        'mode': <SurfaceMode.VIEW: 'view'>,
        'name': 'task_detail',
        'sections': list([
          dict({
            'elements': list([
              dict({
                'field_name': 'title',
                'label': 'Title',
                'options': dict({
                }),
              }),
              dict({
                'field_name': 'description',
                'label': 'Description',
                'options': dict({
                }),
              }),
              dict({
                'field_name': 'status',
                'label': 'Status',
                'options': dict({
                }),
              }),
            ]),
            'name': 'main',
            'title': 'Task',
          }),
        ]),
        'title': 'Task Detail',
        'ux': None,
      }),
      dict({
        'access': None,
        'actions': list([
        ]),
        'entity_ref': 'Task',
        'mode': <SurfaceMode.CREATE: 'create'>,
        'name': 'task_create',
        'sections': list([
          dict({
            'elements': list([
              dict({
                'field_name': 'title',
                'label': 'Title',
                'options': dict({
                }),
              }),
              dict({
                'field_name': 'description',
                'label': 'Description',
                'options': dict({
                }),
              }),
            ]),
            'name': 'main',
            'title': 'New Task',
          }),
        ]),
        'title': 'Create Task',
        'ux': None,
      }),
      dict({
        'access': None,
        'actions': list([
        ]),
        'entity_ref': 'Task',
        'mode': <SurfaceMode.EDIT: 'edit'>,
        'name': 'task_edit',
        'sections': list([
          dict({
            'elements': list([
              dict({
                'field_name': 'title',
                'label': 'Title',
                'options': dict({
                }),
              }),
              dict({
                'field_name': 'description',
                'label': 'Description',
                'options': dict({
                }),
              }),
              dict({
                'field_name': 'status',
                'label': 'Status',
                'options': dict({
                }),
              }),
            ]),
            'name': 'main',
            'title': 'Edit Task',
          }),
        ]),
        'title': 'Edit Task',
        'ux': None,
      }),
    ]),
    'templates': list([
    ]),
    'tenancy': None,
    'tests': list([
    ]),
    'title': 'Simple Test App',
    'ux': None,
    'version': '0.1.0',
    'workspaces': list([
    ]),
  })
# ---
