# serializer version: 1
# name: test_simple_dsl_to_ir_snapshot
  dict({
    'analytics': None,
    'apis': list([
    ]),
    'app_config': None,
    'approvals': list([
    ]),
    'archetypes': list([
    ]),
    'assets': list([
    ]),
    'audit_trail': False,
    'channels': list([
    ]),
    'data_products': None,
    'documents': list([
    ]),
    'domain': dict({
      'entities': list([
        dict({
          'access': None,
          'archetype_kind': None,
          'audit': None,
          'bulk': None,
          'computed_fields': list([
          ]),
          'constraints': list([
          ]),
          'display_field': None,
          'domain': None,
          'examples': list([
          ]),
          'extends': list([
          ]),
          'fields': list([
            dict({
              'default': None,
              'default_expr': None,
              'modifiers': list([
                <FieldModifier.PK: 'pk'>,
              ]),
              'name': 'id',
              'pii': None,
              'type': dict({
                'currency_code': None,
                'enum_values': None,
                'kind': <FieldTypeKind.UUID: 'uuid'>,
                'max_length': None,
                'max_size': None,
                'precision': None,
                'readonly': False,
                'ref_entity': None,
                'relationship_behavior': None,
                'scale': None,
                'via_entity': None,
              }),
            }),
            dict({
              'default': None,
              'default_expr': None,
              'modifiers': list([
                <FieldModifier.REQUIRED: 'required'>,
              ]),
              'name': 'title',
              'pii': None,
              'type': dict({
                'currency_code': None,
                'enum_values': None,
                'kind': <FieldTypeKind.STR: 'str'>,
                'max_length': 200,
                'max_size': None,
                'precision': None,
                'readonly': False,
                'ref_entity': None,
                'relationship_behavior': None,
                'scale': None,
                'via_entity': None,
              }),
            }),
            dict({
              'default': None,
              'default_expr': None,
              'modifiers': list([
              ]),
              'name': 'description',
              'pii': None,
              'type': dict({
                'currency_code': None,
                'enum_values': None,
                'kind': <FieldTypeKind.TEXT: 'text'>,
                'max_length': None,
                'max_size': None,
                'precision': None,
                'readonly': False,
                'ref_entity': None,
                'relationship_behavior': None,
                'scale': None,
                'via_entity': None,
              }),
            }),
            dict({
              'default': 'todo',
              'default_expr': None,
              'modifiers': list([
              ]),
              'name': 'status',
              'pii': None,
              'type': dict({
                'currency_code': None,
                'enum_values': list([
                  'todo',
                  'in_progress',
                  'done',
                ]),
                'kind': <FieldTypeKind.ENUM: 'enum'>,
                'max_length': None,
                'max_size': None,
                'precision': None,
                'readonly': False,
                'ref_entity': None,
                'relationship_behavior': None,
                'scale': None,
                'via_entity': None,
              }),
            }),
            dict({
              'default': None,
              'default_expr': None,
              'modifiers': list([
                <FieldModifier.AUTO_ADD: 'auto_add'>,
              ]),
              'name': 'created_at',
              'pii': None,
              'type': dict({
                'currency_code': None,
                'enum_values': None,
                'kind': <FieldTypeKind.DATETIME: 'datetime'>,
                'max_length': None,
                'max_size': None,
                'precision': None,
                'readonly': False,
                'ref_entity': None,
                'relationship_behavior': None,
                'scale': None,
                'via_entity': None,
              }),
            }),
          ]),
          'fitness': None,
          'graph_edge': None,
          'graph_node': None,
          'intent': None,
          'invariants': list([
          ]),
          'is_singleton': False,
          'is_tenant_root': False,
          'lifecycle': None,
          'name': 'Task',
          'patterns': list([
          ]),
          'publishes': list([
          ]),
          'seed_template': None,
          'soft_delete': False,
          'source': dict({
            'column': 1,
            'file': 'simple_test.dsl',
            'line': 5,
          }),
          'state_machine': None,
          'title': 'Task',
        }),
        dict({
          'access': dict({
            'permissions': list([
              dict({
                'condition': None,
                'effect': <PolicyEffect.PERMIT: 'permit'>,
                'operation': <PermissionKind.READ: 'read'>,
                'personas': list([
                  'admin',
                  'super_admin',
                ]),
                'require_auth': True,
              }),
              dict({
                'condition': None,
                'effect': <PolicyEffect.PERMIT: 'permit'>,
                'operation': <PermissionKind.LIST: 'list'>,
                'personas': list([
                  'admin',
                  'super_admin',
                ]),
                'require_auth': True,
              }),
            ]),
            'scopes': list([
            ]),
            'visibility': list([
            ]),
          }),
          'archetype_kind': None,
          'audit': None,
          'bulk': None,
          'computed_fields': list([
          ]),
          'constraints': list([
          ]),
          'display_field': None,
          'domain': 'platform',
          'examples': list([
          ]),
          'extends': list([
          ]),
          'fields': list([
            dict({
              'default': None,
              'default_expr': None,
              'modifiers': list([
                <FieldModifier.PK: 'pk'>,
              ]),
              'name': 'id',
              'pii': None,
              'type': dict({
                'currency_code': None,
                'enum_values': None,
                'kind': <FieldTypeKind.UUID: 'uuid'>,
                'max_length': None,
                'max_size': None,
                'precision': None,
                'readonly': False,
                'ref_entity': None,
                'relationship_behavior': None,
                'scale': None,
                'via_entity': None,
              }),
            }),
            dict({
              'default': None,
              'default_expr': None,
              'modifiers': list([
                <FieldModifier.REQUIRED: 'required'>,
              ]),
              'name': 'component',
              'pii': None,
              'type': dict({
                'currency_code': None,
                'enum_values': None,
                'kind': <FieldTypeKind.STR: 'str'>,
                'max_length': 100,
                'max_size': None,
                'precision': None,
                'readonly': False,
                'ref_entity': None,
                'relationship_behavior': None,
                'scale': None,
                'via_entity': None,
              }),
            }),
            dict({
              'default': None,
              'default_expr': None,
              'modifiers': list([
                <FieldModifier.REQUIRED: 'required'>,
              ]),
              'name': 'status',
              'pii': None,
              'type': dict({
                'currency_code': None,
                'enum_values': list([
                  'healthy',
                  'degraded',
                  'unhealthy',
                ]),
                'kind': <FieldTypeKind.ENUM: 'enum'>,
                'max_length': None,
                'max_size': None,
                'precision': None,
                'readonly': False,
                'ref_entity': None,
                'relationship_behavior': None,
                'scale': None,
                'via_entity': None,
              }),
            }),
            dict({
              'default': None,
              'default_expr': None,
              'modifiers': list([
              ]),
              'name': 'message',
              'pii': None,
              'type': dict({
                'currency_code': None,
                'enum_values': None,
                'kind': <FieldTypeKind.TEXT: 'text'>,
                'max_length': None,
                'max_size': None,
                'precision': None,
                'readonly': False,
                'ref_entity': None,
                'relationship_behavior': None,
                'scale': None,
                'via_entity': None,
              }),
            }),
            dict({
              'default': None,
              'default_expr': None,
              'modifiers': list([
              ]),
              'name': 'latency_ms',
              'pii': None,
              'type': dict({
                'currency_code': None,
                'enum_values': None,
                'kind': <FieldTypeKind.FLOAT: 'float'>,
                'max_length': None,
                'max_size': None,
                'precision': None,
                'readonly': False,
                'ref_entity': None,
                'relationship_behavior': None,
                'scale': None,
                'via_entity': None,
              }),
            }),
            dict({
              'default': 'now',
              'default_expr': None,
              'modifiers': list([
              ]),
              'name': 'checked_at',
              'pii': None,
              'type': dict({
                'currency_code': None,
                'enum_values': None,
                'kind': <FieldTypeKind.DATETIME: 'datetime'>,
                'max_length': None,
                'max_size': None,
                'precision': None,
                'readonly': False,
                'ref_entity': None,
                'relationship_behavior': None,
                'scale': None,
                'via_entity': None,
              }),
            }),
          ]),
          'fitness': None,
          'graph_edge': None,
          'graph_node': None,
          'intent': 'Live health-check status for each platform component',
          'invariants': list([
          ]),
          'is_singleton': False,
          'is_tenant_root': False,
          'lifecycle': None,
          'name': 'SystemHealth',
          'patterns': list([
            'system',
            'monitoring',
          ]),
          'publishes': list([
          ]),
          'seed_template': None,
          'soft_delete': False,
          'source': None,
          'state_machine': None,
          'title': 'System Health',
        }),
        dict({
          'access': dict({
            'permissions': list([
              dict({
                'condition': None,
                'effect': <PolicyEffect.PERMIT: 'permit'>,
                'operation': <PermissionKind.READ: 'read'>,
                'personas': list([
                  'admin',
                  'super_admin',
                ]),
                'require_auth': True,
              }),
              dict({
                'condition': None,
                'effect': <PolicyEffect.PERMIT: 'permit'>,
                'operation': <PermissionKind.LIST: 'list'>,
                'personas': list([
                  'admin',
                  'super_admin',
                ]),
                'require_auth': True,
              }),
            ]),
            'scopes': list([
            ]),
            'visibility': list([
            ]),
          }),
          'archetype_kind': None,
          'audit': None,
          'bulk': None,
          'computed_fields': list([
          ]),
          'constraints': list([
          ]),
          'display_field': None,
          'domain': 'platform',
          'examples': list([
          ]),
          'extends': list([
          ]),
          'fields': list([
            dict({
              'default': None,
              'default_expr': None,
              'modifiers': list([
                <FieldModifier.PK: 'pk'>,
              ]),
              'name': 'id',
              'pii': None,
              'type': dict({
                'currency_code': None,
                'enum_values': None,
                'kind': <FieldTypeKind.UUID: 'uuid'>,
                'max_length': None,
                'max_size': None,
                'precision': None,
                'readonly': False,
                'ref_entity': None,
                'relationship_behavior': None,
                'scale': None,
                'via_entity': None,
              }),
            }),
            dict({
              'default': None,
              'default_expr': None,
              'modifiers': list([
                <FieldModifier.REQUIRED: 'required'>,
              ]),
              'name': 'name',
              'pii': None,
              'type': dict({
                'currency_code': None,
                'enum_values': None,
                'kind': <FieldTypeKind.STR: 'str'>,
                'max_length': 200,
                'max_size': None,
                'precision': None,
                'readonly': False,
                'ref_entity': None,
                'relationship_behavior': None,
                'scale': None,
                'via_entity': None,
              }),
            }),
            dict({
              'default': None,
              'default_expr': None,
              'modifiers': list([
                <FieldModifier.REQUIRED: 'required'>,
              ]),
              'name': 'value',
              'pii': None,
              'type': dict({
                'currency_code': None,
                'enum_values': None,
                'kind': <FieldTypeKind.FLOAT: 'float'>,
                'max_length': None,
                'max_size': None,
                'precision': None,
                'readonly': False,
                'ref_entity': None,
                'relationship_behavior': None,
                'scale': None,
                'via_entity': None,
              }),
            }),
            dict({
              'default': None,
              'default_expr': None,
              'modifiers': list([
              ]),
              'name': 'unit',
              'pii': None,
              'type': dict({
                'currency_code': None,
                'enum_values': None,
                'kind': <FieldTypeKind.STR: 'str'>,
                'max_length': 50,
                'max_size': None,
                'precision': None,
                'readonly': False,
                'ref_entity': None,
                'relationship_behavior': None,
                'scale': None,
                'via_entity': None,
              }),
            }),
            dict({
              'default': None,
              'default_expr': None,
              'modifiers': list([
              ]),
              'name': 'tags',
              'pii': None,
              'type': dict({
                'currency_code': None,
                'enum_values': None,
                'kind': <FieldTypeKind.TEXT: 'text'>,
                'max_length': None,
                'max_size': None,
                'precision': None,
                'readonly': False,
                'ref_entity': None,
                'relationship_behavior': None,
                'scale': None,
                'via_entity': None,
              }),
            }),
            dict({
              'default': None,
              'default_expr': None,
              'modifiers': list([
              ]),
              'name': 'bucket_start',
              'pii': None,
              'type': dict({
                'currency_code': None,
                'enum_values': None,
                'kind': <FieldTypeKind.DATETIME: 'datetime'>,
                'max_length': None,
                'max_size': None,
                'precision': None,
                'readonly': False,
                'ref_entity': None,
                'relationship_behavior': None,
                'scale': None,
                'via_entity': None,
              }),
            }),
            dict({
              'default': None,
              'default_expr': None,
              'modifiers': list([
              ]),
              'name': 'resolution',
              'pii': None,
              'type': dict({
                'currency_code': None,
                'enum_values': None,
                'kind': <FieldTypeKind.STR: 'str'>,
                'max_length': 10,
                'max_size': None,
                'precision': None,
                'readonly': False,
                'ref_entity': None,
                'relationship_behavior': None,
                'scale': None,
                'via_entity': None,
              }),
            }),
          ]),
          'fitness': None,
          'graph_edge': None,
          'graph_node': None,
          'intent': 'Time-series platform metrics collected by the runtime',
          'invariants': list([
          ]),
          'is_singleton': False,
          'is_tenant_root': False,
          'lifecycle': None,
          'name': 'SystemMetric',
          'patterns': list([
            'system',
            'monitoring',
          ]),
          'publishes': list([
          ]),
          'seed_template': None,
          'soft_delete': False,
          'source': None,
          'state_machine': None,
          'title': 'System Metric',
        }),
        dict({
          'access': dict({
            'permissions': list([
              dict({
                'condition': None,
                'effect': <PolicyEffect.PERMIT: 'permit'>,
                'operation': <PermissionKind.READ: 'read'>,
                'personas': list([
                  'admin',
                  'super_admin',
                ]),
                'require_auth': True,
              }),
              dict({
                'condition': None,
                'effect': <PolicyEffect.PERMIT: 'permit'>,
                'operation': <PermissionKind.LIST: 'list'>,
                'personas': list([
                  'admin',
                  'super_admin',
                ]),
                'require_auth': True,
              }),
            ]),
            'scopes': list([
            ]),
            'visibility': list([
            ]),
          }),
          'archetype_kind': None,
          'audit': None,
          'bulk': None,
          'computed_fields': list([
          ]),
          'constraints': list([
          ]),
          'display_field': None,
          'domain': 'platform',
          'examples': list([
          ]),
          'extends': list([
          ]),
          'fields': list([
            dict({
              'default': None,
              'default_expr': None,
              'modifiers': list([
                <FieldModifier.PK: 'pk'>,
              ]),
              'name': 'id',
              'pii': None,
              'type': dict({
                'currency_code': None,
                'enum_values': None,
                'kind': <FieldTypeKind.UUID: 'uuid'>,
                'max_length': None,
                'max_size': None,
                'precision': None,
                'readonly': False,
                'ref_entity': None,
                'relationship_behavior': None,
                'scale': None,
                'via_entity': None,
              }),
            }),
            dict({
              'default': None,
              'default_expr': None,
              'modifiers': list([
                <FieldModifier.REQUIRED: 'required'>,
              ]),
              'name': 'version',
              'pii': None,
              'type': dict({
                'currency_code': None,
                'enum_values': None,
                'kind': <FieldTypeKind.STR: 'str'>,
                'max_length': 50,
                'max_size': None,
                'precision': None,
                'readonly': False,
                'ref_entity': None,
                'relationship_behavior': None,
                'scale': None,
                'via_entity': None,
              }),
            }),
            dict({
              'default': None,
              'default_expr': None,
              'modifiers': list([
              ]),
              'name': 'previous_version',
              'pii': None,
              'type': dict({
                'currency_code': None,
                'enum_values': None,
                'kind': <FieldTypeKind.STR: 'str'>,
                'max_length': 50,
                'max_size': None,
                'precision': None,
                'readonly': False,
                'ref_entity': None,
                'relationship_behavior': None,
                'scale': None,
                'via_entity': None,
              }),
            }),
            dict({
              'default': None,
              'default_expr': None,
              'modifiers': list([
              ]),
              'name': 'deployed_by',
              'pii': None,
              'type': dict({
                'currency_code': None,
                'enum_values': None,
                'kind': <FieldTypeKind.STR: 'str'>,
                'max_length': 200,
                'max_size': None,
                'precision': None,
                'readonly': False,
                'ref_entity': None,
                'relationship_behavior': None,
                'scale': None,
                'via_entity': None,
              }),
            }),
            dict({
              'default': 'now',
              'default_expr': None,
              'modifiers': list([
              ]),
              'name': 'deployed_at',
              'pii': None,
              'type': dict({
                'currency_code': None,
                'enum_values': None,
                'kind': <FieldTypeKind.DATETIME: 'datetime'>,
                'max_length': None,
                'max_size': None,
                'precision': None,
                'readonly': False,
                'ref_entity': None,
                'relationship_behavior': None,
                'scale': None,
                'via_entity': None,
              }),
            }),
            dict({
              'default': 'pending',
              'default_expr': None,
              'modifiers': list([
              ]),
              'name': 'status',
              'pii': None,
              'type': dict({
                'currency_code': None,
                'enum_values': list([
                  'pending',
                  'in_progress',
                  'completed',
                  'failed',
                  'rolled_back',
                ]),
                'kind': <FieldTypeKind.ENUM: 'enum'>,
                'max_length': None,
                'max_size': None,
                'precision': None,
                'readonly': False,
                'ref_entity': None,
                'relationship_behavior': None,
                'scale': None,
                'via_entity': None,
              }),
            }),
            dict({
              'default': None,
              'default_expr': None,
              'modifiers': list([
              ]),
              'name': 'rollback_of',
              'pii': None,
              'type': dict({
                'currency_code': None,
                'enum_values': None,
                'kind': <FieldTypeKind.STR: 'str'>,
                'max_length': 50,
                'max_size': None,
                'precision': None,
                'readonly': False,
                'ref_entity': None,
                'relationship_behavior': None,
                'scale': None,
                'via_entity': None,
              }),
            }),
          ]),
          'fitness': None,
          'graph_edge': None,
          'graph_node': None,
          'intent': 'Immutable record of every deployment with rollback lineage',
          'invariants': list([
          ]),
          'is_singleton': False,
          'is_tenant_root': False,
          'lifecycle': None,
          'name': 'DeployHistory',
          'patterns': list([
            'system',
            'audit',
          ]),
          'publishes': list([
          ]),
          'seed_template': None,
          'soft_delete': False,
          'source': None,
          'state_machine': None,
          'title': 'Deploy History',
        }),
      ]),
    }),
    'domain_services': list([
    ]),
    'e2e_flows': list([
    ]),
    'enums': list([
    ]),
    'event_model': None,
    'experiences': list([
    ]),
    'feedback_widget': None,
    'fixtures': list([
    ]),
    'fk_graph': dict({
      '_edges': dict({
        'DeployHistory': dict({
        }),
        'SystemHealth': dict({
        }),
        'SystemMetric': dict({
        }),
        'Task': dict({
        }),
      }),
      '_fields': dict({
        'DeployHistory': set({
          'deployed_at',
          'deployed_by',
          'id',
          'previous_version',
          'rollback_of',
          'status',
          'version',
        }),
        'SystemHealth': set({
          'checked_at',
          'component',
          'id',
          'latency_ms',
          'message',
          'status',
        }),
        'SystemMetric': set({
          'bucket_start',
          'id',
          'name',
          'resolution',
          'tags',
          'unit',
          'value',
        }),
        'Task': set({
          'created_at',
          'description',
          'id',
          'status',
          'title',
        }),
      }),
    }),
    'foreign_models': list([
    ]),
    'grant_schemas': list([
    ]),
    'hless_mode': <HLESSMode.STRICT: 'strict'>,
    'hless_pragma': None,
    'integrations': list([
    ]),
    'interfaces': None,
    'islands': list([
    ]),
    'ledgers': list([
    ]),
    'llm_config': None,
    'llm_intents': list([
    ]),
    'llm_models': list([
    ]),
    'messages': list([
    ]),
    'name': 'simple_test',
    'notifications': list([
    ]),
    'params': list([
    ]),
    'personas': list([
    ]),
    'policies': None,
    'processes': list([
    ]),
    'projections': list([
    ]),
    'questions': list([
    ]),
    'rhythms': list([
    ]),
    'rules': list([
    ]),
    'scenarios': list([
    ]),
    'schedules': list([
    ]),
    'security': dict({
      'cors_origins': list([
        '*',
      ]),
      'enable_csp': False,
      'enable_hsts': False,
      'profile': <SecurityProfile.BASIC: 'basic'>,
      'require_auth_by_default': False,
      'tenant_isolation': False,
      'two_factor': dict({
        'enabled': False,
        'enforce_for_roles': list([
        ]),
        'methods': list([
          <TwoFactorMethod.EMAIL_OTP: 'email_otp'>,
          <TwoFactorMethod.TOTP: 'totp'>,
        ]),
        'otp_expiry_seconds': 300,
        'otp_length': 6,
        'recovery_code_count': 8,
      }),
    }),
    'slas': list([
    ]),
    'stories': list([
    ]),
    'streams': list([
    ]),
    'subprocessors': list([
    ]),
    'subscriptions': list([
    ]),
    'surfaces': list([
      dict({
        'access': None,
        'actions': list([
        ]),
        'entity_ref': 'Task',
        'headless': False,
        'layout': 'wizard',
        'mode': <SurfaceMode.LIST: 'list'>,
        'name': 'task_list',
        'priority': <BusinessPriority.MEDIUM: 'medium'>,
        'related_groups': list([
        ]),
        'search_fields': list([
        ]),
        'sections': list([
          dict({
            'elements': list([
              dict({
                'field_name': 'title',
                'help': None,
                'label': 'Title',
                'options': dict({
                }),
                'visible': None,
                'when_expr': None,
              }),
              dict({
                'field_name': 'status',
                'help': None,
                'label': 'Status',
                'options': dict({
                }),
                'visible': None,
                'when_expr': None,
              }),
            ]),
            'name': 'main',
            'note': None,
            'title': 'Tasks',
            'visible': None,
          }),
        ]),
        'source': dict({
          'column': 1,
          'file': 'simple_test.dsl',
          'line': 12,
        }),
        'title': 'Task List',
        'ux': None,
        'view_ref': None,
      }),
      dict({
        'access': None,
        'actions': list([
        ]),
        'entity_ref': 'Task',
        'headless': False,
        'layout': 'wizard',
        'mode': <SurfaceMode.VIEW: 'view'>,
        'name': 'task_detail',
        'priority': <BusinessPriority.MEDIUM: 'medium'>,
        'related_groups': list([
        ]),
        'search_fields': list([
        ]),
        'sections': list([
          dict({
            'elements': list([
              dict({
                'field_name': 'title',
                'help': None,
                'label': 'Title',
                'options': dict({
                }),
                'visible': None,
                'when_expr': None,
              }),
              dict({
                'field_name': 'description',
                'help': None,
                'label': 'Description',
                'options': dict({
                }),
                'visible': None,
                'when_expr': None,
              }),
              dict({
                'field_name': 'status',
                'help': None,
                'label': 'Status',
                'options': dict({
                }),
                'visible': None,
                'when_expr': None,
              }),
            ]),
            'name': 'main',
            'note': None,
            'title': 'Task',
            'visible': None,
          }),
        ]),
        'source': dict({
          'column': 1,
          'file': 'simple_test.dsl',
          'line': 20,
        }),
        'title': 'Task Detail',
        'ux': None,
        'view_ref': None,
      }),
      dict({
        'access': None,
        'actions': list([
        ]),
        'entity_ref': 'Task',
        'headless': False,
        'layout': 'wizard',
        'mode': <SurfaceMode.CREATE: 'create'>,
        'name': 'task_create',
        'priority': <BusinessPriority.MEDIUM: 'medium'>,
        'related_groups': list([
        ]),
        'search_fields': list([
        ]),
        'sections': list([
          dict({
            'elements': list([
              dict({
                'field_name': 'title',
                'help': None,
                'label': 'Title',
                'options': dict({
                }),
                'visible': None,
                'when_expr': None,
              }),
              dict({
                'field_name': 'description',
                'help': None,
                'label': 'Description',
                'options': dict({
                }),
                'visible': None,
                'when_expr': None,
              }),
            ]),
            'name': 'main',
            'note': None,
            'title': 'New Task',
            'visible': None,
          }),
        ]),
        'source': dict({
          'column': 1,
          'file': 'simple_test.dsl',
          'line': 29,
        }),
        'title': 'Create Task',
        'ux': None,
        'view_ref': None,
      }),
      dict({
        'access': None,
        'actions': list([
        ]),
        'entity_ref': 'Task',
        'headless': False,
        'layout': 'wizard',
        'mode': <SurfaceMode.EDIT: 'edit'>,
        'name': 'task_edit',
        'priority': <BusinessPriority.MEDIUM: 'medium'>,
        'related_groups': list([
        ]),
        'search_fields': list([
        ]),
        'sections': list([
          dict({
            'elements': list([
              dict({
                'field_name': 'title',
                'help': None,
                'label': 'Title',
                'options': dict({
                }),
                'visible': None,
                'when_expr': None,
              }),
              dict({
                'field_name': 'description',
                'help': None,
                'label': 'Description',
                'options': dict({
                }),
                'visible': None,
                'when_expr': None,
              }),
              dict({
                'field_name': 'status',
                'help': None,
                'label': 'Status',
                'options': dict({
                }),
                'visible': None,
                'when_expr': None,
              }),
            ]),
            'name': 'main',
            'note': None,
            'title': 'Edit Task',
            'visible': None,
          }),
        ]),
        'source': dict({
          'column': 1,
          'file': 'simple_test.dsl',
          'line': 37,
        }),
        'title': 'Edit Task',
        'ux': None,
        'view_ref': None,
      }),
      dict({
        'access': dict({
          'allow_personas': list([
            'admin',
            'super_admin',
          ]),
          'deny_personas': list([
          ]),
          'redirect_unauthenticated': '/',
          'require_auth': True,
        }),
        'actions': list([
        ]),
        'entity_ref': 'SystemHealth',
        'headless': False,
        'layout': 'wizard',
        'mode': <SurfaceMode.LIST: 'list'>,
        'name': '_admin_health',
        'priority': <BusinessPriority.MEDIUM: 'medium'>,
        'related_groups': list([
        ]),
        'search_fields': list([
        ]),
        'sections': list([
          dict({
            'elements': list([
              dict({
                'field_name': 'component',
                'help': None,
                'label': 'Component',
                'options': dict({
                }),
                'visible': None,
                'when_expr': None,
              }),
              dict({
                'field_name': 'status',
                'help': None,
                'label': 'Status',
                'options': dict({
                }),
                'visible': None,
                'when_expr': None,
              }),
              dict({
                'field_name': 'message',
                'help': None,
                'label': 'Message',
                'options': dict({
                }),
                'visible': None,
                'when_expr': None,
              }),
              dict({
                'field_name': 'checked_at',
                'help': None,
                'label': 'Checked',
                'options': dict({
                }),
                'visible': None,
                'when_expr': None,
              }),
            ]),
            'name': 'main',
            'note': None,
            'title': None,
            'visible': None,
          }),
        ]),
        'source': None,
        'title': 'System Health',
        'ux': dict({
          'attention_signals': list([
          ]),
          'bulk_actions': list([
          ]),
          'empty_message': 'No records yet.',
          'filter': list([
            'component',
            'status',
          ]),
          'persona_variants': list([
          ]),
          'purpose': None,
          'search': list([
            'component',
            'message',
          ]),
          'search_first': False,
          'show': list([
          ]),
          'sort': list([
            dict({
              'direction': 'desc',
              'field': 'checked_at',
            }),
          ]),
        }),
        'view_ref': None,
      }),
      dict({
        'access': dict({
          'allow_personas': list([
            'admin',
            'super_admin',
          ]),
          'deny_personas': list([
          ]),
          'redirect_unauthenticated': '/',
          'require_auth': True,
        }),
        'actions': list([
        ]),
        'entity_ref': 'DeployHistory',
        'headless': False,
        'layout': 'wizard',
        'mode': <SurfaceMode.LIST: 'list'>,
        'name': '_admin_deploys',
        'priority': <BusinessPriority.MEDIUM: 'medium'>,
        'related_groups': list([
        ]),
        'search_fields': list([
        ]),
        'sections': list([
          dict({
            'elements': list([
              dict({
                'field_name': 'version',
                'help': None,
                'label': 'Version',
                'options': dict({
                }),
                'visible': None,
                'when_expr': None,
              }),
              dict({
                'field_name': 'status',
                'help': None,
                'label': 'Status',
                'options': dict({
                }),
                'visible': None,
                'when_expr': None,
              }),
              dict({
                'field_name': 'deployed_by',
                'help': None,
                'label': 'Deployed By',
                'options': dict({
                }),
                'visible': None,
                'when_expr': None,
              }),
              dict({
                'field_name': 'deployed_at',
                'help': None,
                'label': 'Deployed At',
                'options': dict({
                }),
                'visible': None,
                'when_expr': None,
              }),
            ]),
            'name': 'main',
            'note': None,
            'title': None,
            'visible': None,
          }),
        ]),
        'source': None,
        'title': 'Deploy History',
        'ux': dict({
          'attention_signals': list([
          ]),
          'bulk_actions': list([
          ]),
          'empty_message': 'No records yet.',
          'filter': list([
            'status',
          ]),
          'persona_variants': list([
          ]),
          'purpose': None,
          'search': list([
            'version',
            'deployed_by',
          ]),
          'search_first': False,
          'show': list([
          ]),
          'sort': list([
            dict({
              'direction': 'desc',
              'field': 'deployed_at',
            }),
          ]),
        }),
        'view_ref': None,
      }),
    ]),
    'templates': list([
    ]),
    'tenancy': None,
    'tests': list([
    ]),
    'title': 'Simple Test App',
    'transactions': list([
    ]),
    'triples': list([
    ]),
    'ux': None,
    'version': '0.1.0',
    'views': list([
    ]),
    'webhooks': list([
    ]),
    'workspaces': list([
      dict({
        'access': dict({
          'allow_personas': list([
            'admin',
            'super_admin',
          ]),
          'deny_personas': list([
          ]),
          'level': <WorkspaceAccessLevel.PERSONA: 'persona'>,
          'redirect_unauthenticated': '/login',
        }),
        'context_selector': None,
        'name': '_platform_admin',
        'nav_groups': list([
          dict({
            'collapsed': False,
            'icon': None,
            'items': list([
              dict({
                'entity': 'health',
                'icon': None,
              }),
            ]),
            'label': 'Observability',
          }),
          dict({
            'collapsed': False,
            'icon': None,
            'items': list([
              dict({
                'entity': 'deploys',
                'icon': None,
              }),
              dict({
                'entity': 'app_map',
                'icon': None,
              }),
            ]),
            'label': 'Operations',
          }),
        ]),
        'nav_ref': None,
        'purpose': None,
        'regions': list([
          dict({
            'action': None,
            'action_cards': list([
            ]),
            'aggregates': dict({
            }),
            'avatar_field': None,
            'bin_count': None,
            'bullet_actual': None,
            'bullet_label': None,
            'bullet_target': None,
            'confirmations': list([
            ]),
            'css_class': None,
            'date_field': None,
            'date_range': False,
            'delta': None,
            'display': <DisplayMode.GRID: 'grid'>,
            'empty_message': None,
            'eyebrow': None,
            'facts': list([
            ]),
            'filter': None,
            'group_by': None,
            'group_by_dims': None,
            'heatmap_columns': None,
            'heatmap_rows': None,
            'heatmap_thresholds': list([
            ]),
            'heatmap_value': None,
            'limit': None,
            'name': 'health',
            'notice': None,
            'overlay_series': list([
            ]),
            'pipeline_stages': list([
            ]),
            'primary': None,
            'primary_action': None,
            'profile_stats': list([
            ]),
            'progress_complete_at': None,
            'progress_stages': list([
            ]),
            'reference_bands': list([
            ]),
            'reference_lines': list([
            ]),
            'revoke': None,
            'secondary': None,
            'secondary_action': None,
            'show_outliers': True,
            'sort': list([
            ]),
            'source': 'SystemHealth',
            'source_filters': dict({
            }),
            'sources': list([
            ]),
            'state_field': None,
            'status_entries': list([
            ]),
            'title': None,
            'tones': dict({
            }),
            'track_format': None,
            'track_max': None,
            'width': None,
          }),
          dict({
            'action': None,
            'action_cards': list([
            ]),
            'aggregates': dict({
            }),
            'avatar_field': None,
            'bin_count': None,
            'bullet_actual': None,
            'bullet_label': None,
            'bullet_target': None,
            'confirmations': list([
            ]),
            'css_class': None,
            'date_field': None,
            'date_range': False,
            'delta': None,
            'display': <DisplayMode.LIST: 'list'>,
            'empty_message': None,
            'eyebrow': None,
            'facts': list([
            ]),
            'filter': None,
            'group_by': None,
            'group_by_dims': None,
            'heatmap_columns': None,
            'heatmap_rows': None,
            'heatmap_thresholds': list([
            ]),
            'heatmap_value': None,
            'limit': None,
            'name': 'deploys',
            'notice': None,
            'overlay_series': list([
            ]),
            'pipeline_stages': list([
            ]),
            'primary': None,
            'primary_action': None,
            'profile_stats': list([
            ]),
            'progress_complete_at': None,
            'progress_stages': list([
            ]),
            'reference_bands': list([
            ]),
            'reference_lines': list([
            ]),
            'revoke': None,
            'secondary': None,
            'secondary_action': None,
            'show_outliers': True,
            'sort': list([
            ]),
            'source': 'DeployHistory',
            'source_filters': dict({
            }),
            'sources': list([
            ]),
            'state_field': None,
            'status_entries': list([
            ]),
            'title': None,
            'tones': dict({
            }),
            'track_format': None,
            'track_max': None,
            'width': None,
          }),
          dict({
            'action': None,
            'action_cards': list([
            ]),
            'aggregates': dict({
            }),
            'avatar_field': None,
            'bin_count': None,
            'bullet_actual': None,
            'bullet_label': None,
            'bullet_target': None,
            'confirmations': list([
            ]),
            'css_class': None,
            'date_field': None,
            'date_range': False,
            'delta': None,
            'display': <DisplayMode.DIAGRAM: 'diagram'>,
            'empty_message': None,
            'eyebrow': None,
            'facts': list([
            ]),
            'filter': None,
            'group_by': None,
            'group_by_dims': None,
            'heatmap_columns': None,
            'heatmap_rows': None,
            'heatmap_thresholds': list([
            ]),
            'heatmap_value': None,
            'limit': None,
            'name': 'app_map',
            'notice': None,
            'overlay_series': list([
            ]),
            'pipeline_stages': list([
            ]),
            'primary': None,
            'primary_action': None,
            'profile_stats': list([
            ]),
            'progress_complete_at': None,
            'progress_stages': list([
            ]),
            'reference_bands': list([
            ]),
            'reference_lines': list([
            ]),
            'revoke': None,
            'secondary': None,
            'secondary_action': None,
            'show_outliers': True,
            'sort': list([
            ]),
            'source': None,
            'source_filters': dict({
            }),
            'sources': list([
            ]),
            'state_field': None,
            'status_entries': list([
            ]),
            'title': None,
            'tones': dict({
            }),
            'track_format': None,
            'track_max': None,
            'width': None,
          }),
        ]),
        'source': None,
        'stage': None,
        'title': 'Platform Admin',
        'ux': None,
      }),
    ]),
  })
# ---
